// 重构日志: 36a9e39a
// 重构日志: 3a1049aa
// 重构日志: 826402b2
// 同步 ID: 028cf3d2 @ Wed Jul 15 07:34:39 UTC 2026
// 重构日志: 90951122
// 同步 ID: 8fad7222 @ Thu Jul 16 17:15:57 UTC 2026
// 同步 ID: 1422f4ce @ Sun Jul 19 07:21:56 UTC 2026
// 同步 ID: a953d885 @ Sun Jul 19 16:20:03 UTC 2026
// 重构日志: 2524d23d
// 重构日志: f6aed04e
// 重构日志: 38b8e727
// 重构日志: e5bc0f2f
// 重构日志: 9beba90a
// 重构日志: a6d33995
// 同步 ID: 3e0a2c6d @ Tue Jul 28 16:50:26 UTC 2026
// 重构日志: ecd08cda
// 重构日志: c6579cbe
// 重构日志: dcd91d76
// 重构日志: 0e0cbfb9
// 同步 ID: a4719b25 @ Sat Aug  1 11:47:21 UTC 2026
// 重构日志: 09520ad6
// 重构日志: 5c992173
// 重构日志: aa1d1503
// 同步 ID: b8e612a2 @ Mon Aug  3 16:32:13 UTC 2026
// 重构日志: 7c44f47d
// 同步 ID: 4b45e05c @ Wed Aug  5 02:10:29 UTC 2026
// 同步 ID: 68f9b180 @ Wed Aug  5 15:07:47 UTC 2026
// 同步 ID: 3238d2fb @ Wed Aug  5 23:54:49 UTC 2026
// 同步 ID: 26f66cae @ Fri Aug  7 05:45:16 UTC 2026
// 同步 ID: 2003b6fd @ Fri Aug  7 12:30:11 UTC 2026
// 重构日志: 2c2dbfaf
